../Core/Src/main до добавления i2c1.c:92:6:HAL_UART_IDLE_Callback	24	static
../Core/Src/main до добавления i2c1.c:109:6:HAL_UART_RxCpltCallback	24	static
../Core/Src/main до добавления i2c1.c:126:6:HAL_UART_ErrorCallback	40	static
../Core/Src/main до добавления i2c1.c:172:7:getTheta	48	static
../Core/Src/main до добавления i2c1.c:247:6:moveTOPS	120	static
../Core/Src/main до добавления i2c1.c:283:6:inPlace	24	static
../Core/Src/main до добавления i2c1.c:311:6:step	40	static
../Core/Src/main до добавления i2c1.c:352:6:stand	32	static
../Core/Src/main до добавления i2c1.c:367:6:UpdatePosition	16	static
../Core/Src/main до добавления i2c1.c:502:5:main	8	static
../Core/Src/main до добавления i2c1.c:592:6:SystemClock_Config	88	static
../Core/Src/main до добавления i2c1.c:639:13:MX_TIM2_Init	48	static
../Core/Src/main до добавления i2c1.c:700:13:MX_TIM3_Init	48	static
../Core/Src/main до добавления i2c1.c:761:13:MX_TIM4_Init	48	static
../Core/Src/main до добавления i2c1.c:822:13:MX_TIM5_Init	48	static
../Core/Src/main до добавления i2c1.c:871:13:MX_USART1_UART_Init	8	static
../Core/Src/main до добавления i2c1.c:902:13:MX_DMA_Init	16	static
../Core/Src/main до добавления i2c1.c:923:13:MX_GPIO_Init	24	static
../Core/Src/main до добавления i2c1.c:948:6:Error_Handler	4	static,ignoring_inline_asm
