../Core/Src/main.c:91:6:PCA9685_SetBit	40	static
../Core/Src/main.c:102:6:PCA9685_SetPWMFrequency	40	static
../Core/Src/main.c:116:6:PCA9685_Init	16	static
../Core/Src/main.c:122:6:PCA9685_SetPWM	40	static
../Core/Src/main.c:135:6:PCA9685_SetServoAngle	24	static
../Core/Src/main.c:153:6:HAL_UART_IDLE_Callback	24	static
../Core/Src/main.c:170:6:HAL_UART_RxCpltCallback	24	static
../Core/Src/main.c:187:6:HAL_UART_ErrorCallback	40	static
../Core/Src/main.c:233:7:getTheta	48	static
../Core/Src/main.c:257:6:moveTOPS	120	static
../Core/Src/main.c:293:6:inPlace	40	static
../Core/Src/main.c:314:6:step	40	static
../Core/Src/main.c:398:6:stand	32	static
../Core/Src/main.c:413:6:UpdatePosition	16	static
../Core/Src/main.c:481:5:main	8	static
../Core/Src/main.c:538:6:SystemClock_Config	88	static
../Core/Src/main.c:585:13:MX_I2C1_Init	8	static
../Core/Src/main.c:619:13:MX_USART1_UART_Init	8	static
../Core/Src/main.c:650:13:MX_DMA_Init	16	static
../Core/Src/main.c:671:13:MX_GPIO_Init	24	static
../Core/Src/main.c:696:6:Error_Handler	4	static,ignoring_inline_asm
