../Core/Src/main.c:100:6:PCA9685_SetBit	40	static
../Core/Src/main.c:111:6:PCA9685_SetPWMFrequency	40	static
../Core/Src/main.c:125:6:PCA9685_Init	16	static
../Core/Src/main.c:131:6:PCA9685_SetPWM	40	static
../Core/Src/main.c:144:6:PCA9685_SetServoAngle	24	static
../Core/Src/main.c:162:6:HAL_UART_IDLE_Callback	24	static
../Core/Src/main.c:179:6:HAL_UART_RxCpltCallback	24	static
../Core/Src/main.c:196:6:HAL_UART_ErrorCallback	40	static
../Core/Src/main.c:242:7:getTheta	48	static
../Core/Src/main.c:317:6:moveTOPS	120	static
../Core/Src/main.c:353:6:inPlace	24	static
../Core/Src/main.c:381:6:step	40	static
../Core/Src/main.c:422:6:stand	32	static
../Core/Src/main.c:437:6:UpdatePosition	16	static
../Core/Src/main.c:594:5:main	8	static
../Core/Src/main.c:734:6:SystemClock_Config	88	static
../Core/Src/main.c:781:13:MX_I2C1_Init	8	static
../Core/Src/main.c:815:13:MX_TIM2_Init	48	static
../Core/Src/main.c:876:13:MX_TIM3_Init	48	static
../Core/Src/main.c:937:13:MX_TIM4_Init	48	static
../Core/Src/main.c:998:13:MX_TIM5_Init	48	static
../Core/Src/main.c:1047:13:MX_USART1_UART_Init	8	static
../Core/Src/main.c:1078:13:MX_DMA_Init	16	static
../Core/Src/main.c:1099:13:MX_GPIO_Init	24	static
../Core/Src/main.c:1124:6:Error_Handler	4	static,ignoring_inline_asm
